MPLINK 5.08, LINKER
Linker Map File - Created Mon Oct 23 17:51:24 2017

                                 Section Info
                  Section       Type    Address   Location Size(Bytes)
                ---------  ---------  ---------  ---------  ---------
                   .org_0       code   0x000000    program   0x00013c
                   .cinit    romdata   0x00009e    program   0x000004
.config_2007_BUILD/DEFAULT/PRODUCTION/SUMA.O       code   0x002007    program   0x000002



                              Program Memory Usage 
                               Start         End      
                           ---------   ---------      
                            0x000000    0x00009f      
                            0x002007    0x002007      
            161 out of 1094 program addresses used, program memory utilization is 14%



                              Symbols - Sorted by Name
                     Name    Address   Location    Storage File                     
                ---------  ---------  ---------  --------- ---------                
                    DEC_1   0x000091    program     static C:\Users\joqle\Documents\MPLABXProjects\Suma.X\Suma.asm
                    DEC_2   0x000082    program     static C:\Users\joqle\Documents\MPLABXProjects\Suma.X\Suma.asm
                    DEC_3   0x000073    program     static C:\Users\joqle\Documents\MPLABXProjects\Suma.X\Suma.asm
                    DEC_4   0x000064    program     static C:\Users\joqle\Documents\MPLABXProjects\Suma.X\Suma.asm
                    DEC_5   0x000055    program     static C:\Users\joqle\Documents\MPLABXProjects\Suma.X\Suma.asm
                    DEC_6   0x000046    program     static C:\Users\joqle\Documents\MPLABXProjects\Suma.X\Suma.asm
                    DEC_7   0x000037    program     static C:\Users\joqle\Documents\MPLABXProjects\Suma.X\Suma.asm
                    DEC_8   0x000028    program     static C:\Users\joqle\Documents\MPLABXProjects\Suma.X\Suma.asm
                    DEC_9   0x000019    program     static C:\Users\joqle\Documents\MPLABXProjects\Suma.X\Suma.asm
                 PRUEBA_0   0x00009b    program     static C:\Users\joqle\Documents\MPLABXProjects\Suma.X\Suma.asm
                 PRUEBA_1   0x00008c    program     static C:\Users\joqle\Documents\MPLABXProjects\Suma.X\Suma.asm
                 PRUEBA_2   0x00007d    program     static C:\Users\joqle\Documents\MPLABXProjects\Suma.X\Suma.asm
                 PRUEBA_3   0x00006e    program     static C:\Users\joqle\Documents\MPLABXProjects\Suma.X\Suma.asm
                 PRUEBA_4   0x00005f    program     static C:\Users\joqle\Documents\MPLABXProjects\Suma.X\Suma.asm
                 PRUEBA_5   0x000050    program     static C:\Users\joqle\Documents\MPLABXProjects\Suma.X\Suma.asm
                 PRUEBA_6   0x000041    program     static C:\Users\joqle\Documents\MPLABXProjects\Suma.X\Suma.asm
                 PRUEBA_7   0x000032    program     static C:\Users\joqle\Documents\MPLABXProjects\Suma.X\Suma.asm
                 PRUEBA_8   0x000023    program     static C:\Users\joqle\Documents\MPLABXProjects\Suma.X\Suma.asm
                 PRUEBA_9   0x000015    program     static C:\Users\joqle\Documents\MPLABXProjects\Suma.X\Suma.asm
                     SUMA   0x000005    program     static C:\Users\joqle\Documents\MPLABXProjects\Suma.X\Suma.asm



                              Symbols - Sorted by Address
                     Name    Address   Location    Storage File                     
                ---------  ---------  ---------  --------- ---------                
                     SUMA   0x000005    program     static C:\Users\joqle\Documents\MPLABXProjects\Suma.X\Suma.asm
                 PRUEBA_9   0x000015    program     static C:\Users\joqle\Documents\MPLABXProjects\Suma.X\Suma.asm
                    DEC_9   0x000019    program     static C:\Users\joqle\Documents\MPLABXProjects\Suma.X\Suma.asm
                 PRUEBA_8   0x000023    program     static C:\Users\joqle\Documents\MPLABXProjects\Suma.X\Suma.asm
                    DEC_8   0x000028    program     static C:\Users\joqle\Documents\MPLABXProjects\Suma.X\Suma.asm
                 PRUEBA_7   0x000032    program     static C:\Users\joqle\Documents\MPLABXProjects\Suma.X\Suma.asm
                    DEC_7   0x000037    program     static C:\Users\joqle\Documents\MPLABXProjects\Suma.X\Suma.asm
                 PRUEBA_6   0x000041    program     static C:\Users\joqle\Documents\MPLABXProjects\Suma.X\Suma.asm
                    DEC_6   0x000046    program     static C:\Users\joqle\Documents\MPLABXProjects\Suma.X\Suma.asm
                 PRUEBA_5   0x000050    program     static C:\Users\joqle\Documents\MPLABXProjects\Suma.X\Suma.asm
                    DEC_5   0x000055    program     static C:\Users\joqle\Documents\MPLABXProjects\Suma.X\Suma.asm
                 PRUEBA_4   0x00005f    program     static C:\Users\joqle\Documents\MPLABXProjects\Suma.X\Suma.asm
                    DEC_4   0x000064    program     static C:\Users\joqle\Documents\MPLABXProjects\Suma.X\Suma.asm
                 PRUEBA_3   0x00006e    program     static C:\Users\joqle\Documents\MPLABXProjects\Suma.X\Suma.asm
                    DEC_3   0x000073    program     static C:\Users\joqle\Documents\MPLABXProjects\Suma.X\Suma.asm
                 PRUEBA_2   0x00007d    program     static C:\Users\joqle\Documents\MPLABXProjects\Suma.X\Suma.asm
                    DEC_2   0x000082    program     static C:\Users\joqle\Documents\MPLABXProjects\Suma.X\Suma.asm
                 PRUEBA_1   0x00008c    program     static C:\Users\joqle\Documents\MPLABXProjects\Suma.X\Suma.asm
                    DEC_1   0x000091    program     static C:\Users\joqle\Documents\MPLABXProjects\Suma.X\Suma.asm
                 PRUEBA_0   0x00009b    program     static C:\Users\joqle\Documents\MPLABXProjects\Suma.X\Suma.asm


