MPLINK 5.08, LINKER
Linker Map File - Created Tue Oct 10 23:01:48 2017

                                 Section Info
                  Section       Type    Address   Location Size(Bytes)
                ---------  ---------  ---------  ---------  ---------
                   .org_0       code   0x000000    program   0x000116
                   .cinit    romdata   0x00008b    program   0x000004
.config_2007_BUILD/DEFAULT/PRODUCTION/SERIE_L       code   0x002007    program   0x000002



                              Program Memory Usage 
                               Start         End      
                           ---------   ---------      
                            0x000000    0x00008c      
                            0x002007    0x002007      
            142 out of 1094 program addresses used, program memory utilization is 12%



                              Symbols - Sorted by Name
                     Name    Address   Location    Storage File                     
                ---------  ---------  ---------  --------- ---------                
                 DEC_VAR1   0x000083    program     static C:\Users\joqle\Documents\MPLABXProjects\Serie_Luces.X\Serie_Luces.asm
                 DEC_VAR2   0x000088    program     static C:\Users\joqle\Documents\MPLABXProjects\Serie_Luces.X\Serie_Luces.asm
                      RET   0x000081    program     static C:\Users\joqle\Documents\MPLABXProjects\Serie_Luces.X\Serie_Luces.asm
                     SEC1   0x00001b    program     static C:\Users\joqle\Documents\MPLABXProjects\Serie_Luces.X\Serie_Luces.asm
                     SEC2   0x00004c    program     static C:\Users\joqle\Documents\MPLABXProjects\Serie_Luces.X\Serie_Luces.asm
                     SEC3   0x000065    program     static C:\Users\joqle\Documents\MPLABXProjects\Serie_Luces.X\Serie_Luces.asm
                  SERIE_1   0x000004    program     static C:\Users\joqle\Documents\MPLABXProjects\Serie_Luces.X\Serie_Luces.asm
                  SERIE_2   0x00000a    program     static C:\Users\joqle\Documents\MPLABXProjects\Serie_Luces.X\Serie_Luces.asm
                  SERIE_3   0x000012    program     static C:\Users\joqle\Documents\MPLABXProjects\Serie_Luces.X\Serie_Luces.asm
                   SUBRET   0x000086    program     static C:\Users\joqle\Documents\MPLABXProjects\Serie_Luces.X\Serie_Luces.asm



                              Symbols - Sorted by Address
                     Name    Address   Location    Storage File                     
                ---------  ---------  ---------  --------- ---------                
                  SERIE_1   0x000004    program     static C:\Users\joqle\Documents\MPLABXProjects\Serie_Luces.X\Serie_Luces.asm
                  SERIE_2   0x00000a    program     static C:\Users\joqle\Documents\MPLABXProjects\Serie_Luces.X\Serie_Luces.asm
                  SERIE_3   0x000012    program     static C:\Users\joqle\Documents\MPLABXProjects\Serie_Luces.X\Serie_Luces.asm
                     SEC1   0x00001b    program     static C:\Users\joqle\Documents\MPLABXProjects\Serie_Luces.X\Serie_Luces.asm
                     SEC2   0x00004c    program     static C:\Users\joqle\Documents\MPLABXProjects\Serie_Luces.X\Serie_Luces.asm
                     SEC3   0x000065    program     static C:\Users\joqle\Documents\MPLABXProjects\Serie_Luces.X\Serie_Luces.asm
                      RET   0x000081    program     static C:\Users\joqle\Documents\MPLABXProjects\Serie_Luces.X\Serie_Luces.asm
                 DEC_VAR1   0x000083    program     static C:\Users\joqle\Documents\MPLABXProjects\Serie_Luces.X\Serie_Luces.asm
                   SUBRET   0x000086    program     static C:\Users\joqle\Documents\MPLABXProjects\Serie_Luces.X\Serie_Luces.asm
                 DEC_VAR2   0x000088    program     static C:\Users\joqle\Documents\MPLABXProjects\Serie_Luces.X\Serie_Luces.asm


