MPLINK 5.08, LINKER
Linker Map File - Created Fri Dec 15 15:56:08 2017

                                 Section Info
                  Section       Type    Address   Location Size(Bytes)
                ---------  ---------  ---------  ---------  ---------
                   .org_0       code   0x000000    program   0x0000ea
                   .cinit    romdata   0x000075    program   0x000004
.config_2007_BUILD/DEFAULT/PRODUCTION/LETRAS.       code   0x002007    program   0x000002



                              Program Memory Usage 
                               Start         End      
                           ---------   ---------      
                            0x000000    0x000076      
                            0x002007    0x002007      
            120 out of 8454 program addresses used, program memory utilization is 1%



                              Symbols - Sorted by Name
                     Name    Address   Location    Storage File                     
                ---------  ---------  ---------  --------- ---------                
                       E0   0x000007    program     static C:\Users\joqle\MPLABXProjects\Letras.X\Letras.asm
                       E1   0x00000a    program     static C:\Users\joqle\MPLABXProjects\Letras.X\Letras.asm
                       E2   0x000011    program     static C:\Users\joqle\MPLABXProjects\Letras.X\Letras.asm
                       E3   0x000018    program     static C:\Users\joqle\MPLABXProjects\Letras.X\Letras.asm
                       E4   0x00001f    program     static C:\Users\joqle\MPLABXProjects\Letras.X\Letras.asm
                       E5   0x000026    program     static C:\Users\joqle\MPLABXProjects\Letras.X\Letras.asm
    R1Decima_BucleExterno   0x00006b    program     static C:\Users\joqle\MPLABXProjects\Letras.X\RETARDOS.INC
   R1Decima_BucleExterno2   0x000069    program     static C:\Users\joqle\MPLABXProjects\Letras.X\RETARDOS.INC
    R1Decima_BucleInterno   0x00006d    program     static C:\Users\joqle\MPLABXProjects\Letras.X\RETARDOS.INC
        R1ms_BucleExterno   0x000055    program     static C:\Users\joqle\MPLABXProjects\Letras.X\RETARDOS.INC
        R1ms_BucleInterno   0x000057    program     static C:\Users\joqle\MPLABXProjects\Letras.X\RETARDOS.INC
            RetardoMicros   0x000041    program     static C:\Users\joqle\MPLABXProjects\Letras.X\RETARDOS.INC
        Retardo_100micros   0x00003b    program     static C:\Users\joqle\MPLABXProjects\Letras.X\RETARDOS.INC
            Retardo_100ms   0x000047    program     static C:\Users\joqle\MPLABXProjects\Letras.X\RETARDOS.INC
         Retardo_10micros   0x00002e    program     static C:\Users\joqle\MPLABXProjects\Letras.X\RETARDOS.INC
             Retardo_10ms   0x00004d    program     static C:\Users\joqle\MPLABXProjects\Letras.X\RETARDOS.INC
              Retardo_10s   0x00005f    program     static C:\Users\joqle\MPLABXProjects\Letras.X\RETARDOS.INC
          Retardo_1Decima   0x000068    program     static C:\Users\joqle\MPLABXProjects\Letras.X\RETARDOS.INC
              Retardo_1ms   0x000053    program     static C:\Users\joqle\MPLABXProjects\Letras.X\RETARDOS.INC
               Retardo_1s   0x000065    program     static C:\Users\joqle\MPLABXProjects\Letras.X\RETARDOS.INC
        Retardo_200micros   0x000038    program     static C:\Users\joqle\MPLABXProjects\Letras.X\RETARDOS.INC
            Retardo_200ms   0x000045    program     static C:\Users\joqle\MPLABXProjects\Letras.X\RETARDOS.INC
         Retardo_20micros   0x000040    program     static C:\Users\joqle\MPLABXProjects\Letras.X\RETARDOS.INC
             Retardo_20ms   0x00004b    program     static C:\Users\joqle\MPLABXProjects\Letras.X\RETARDOS.INC
              Retardo_20s   0x00005d    program     static C:\Users\joqle\MPLABXProjects\Letras.X\RETARDOS.INC
              Retardo_2ms   0x000051    program     static C:\Users\joqle\MPLABXProjects\Letras.X\RETARDOS.INC
               Retardo_2s   0x000063    program     static C:\Users\joqle\MPLABXProjects\Letras.X\RETARDOS.INC
          Retardo_4micros   0x000034    program     static C:\Users\joqle\MPLABXProjects\Letras.X\RETARDOS.INC
        Retardo_500micros   0x000035    program     static C:\Users\joqle\MPLABXProjects\Letras.X\RETARDOS.INC
            Retardo_500ms   0x000067    program     static C:\Users\joqle\MPLABXProjects\Letras.X\RETARDOS.INC
         Retardo_50micros   0x00003d    program     static C:\Users\joqle\MPLABXProjects\Letras.X\RETARDOS.INC
             Retardo_50ms   0x000049    program     static C:\Users\joqle\MPLABXProjects\Letras.X\RETARDOS.INC
          Retardo_5micros   0x000033    program     static C:\Users\joqle\MPLABXProjects\Letras.X\RETARDOS.INC
              Retardo_5ms   0x00004f    program     static C:\Users\joqle\MPLABXProjects\Letras.X\RETARDOS.INC
               Retardo_5s   0x000061    program     static C:\Users\joqle\MPLABXProjects\Letras.X\RETARDOS.INC
              Retardos_ms   0x000054    program     static C:\Users\joqle\MPLABXProjects\Letras.X\RETARDOS.INC
            Rmicros_Bucle   0x000042    program     static C:\Users\joqle\MPLABXProjects\Letras.X\RETARDOS.INC



                              Symbols - Sorted by Address
                     Name    Address   Location    Storage File                     
                ---------  ---------  ---------  --------- ---------                
                       E0   0x000007    program     static C:\Users\joqle\MPLABXProjects\Letras.X\Letras.asm
                       E1   0x00000a    program     static C:\Users\joqle\MPLABXProjects\Letras.X\Letras.asm
                       E2   0x000011    program     static C:\Users\joqle\MPLABXProjects\Letras.X\Letras.asm
                       E3   0x000018    program     static C:\Users\joqle\MPLABXProjects\Letras.X\Letras.asm
                       E4   0x00001f    program     static C:\Users\joqle\MPLABXProjects\Letras.X\Letras.asm
                       E5   0x000026    program     static C:\Users\joqle\MPLABXProjects\Letras.X\Letras.asm
         Retardo_10micros   0x00002e    program     static C:\Users\joqle\MPLABXProjects\Letras.X\RETARDOS.INC
          Retardo_5micros   0x000033    program     static C:\Users\joqle\MPLABXProjects\Letras.X\RETARDOS.INC
          Retardo_4micros   0x000034    program     static C:\Users\joqle\MPLABXProjects\Letras.X\RETARDOS.INC
        Retardo_500micros   0x000035    program     static C:\Users\joqle\MPLABXProjects\Letras.X\RETARDOS.INC
        Retardo_200micros   0x000038    program     static C:\Users\joqle\MPLABXProjects\Letras.X\RETARDOS.INC
        Retardo_100micros   0x00003b    program     static C:\Users\joqle\MPLABXProjects\Letras.X\RETARDOS.INC
         Retardo_50micros   0x00003d    program     static C:\Users\joqle\MPLABXProjects\Letras.X\RETARDOS.INC
         Retardo_20micros   0x000040    program     static C:\Users\joqle\MPLABXProjects\Letras.X\RETARDOS.INC
            RetardoMicros   0x000041    program     static C:\Users\joqle\MPLABXProjects\Letras.X\RETARDOS.INC
            Rmicros_Bucle   0x000042    program     static C:\Users\joqle\MPLABXProjects\Letras.X\RETARDOS.INC
            Retardo_200ms   0x000045    program     static C:\Users\joqle\MPLABXProjects\Letras.X\RETARDOS.INC
            Retardo_100ms   0x000047    program     static C:\Users\joqle\MPLABXProjects\Letras.X\RETARDOS.INC
             Retardo_50ms   0x000049    program     static C:\Users\joqle\MPLABXProjects\Letras.X\RETARDOS.INC
             Retardo_20ms   0x00004b    program     static C:\Users\joqle\MPLABXProjects\Letras.X\RETARDOS.INC
             Retardo_10ms   0x00004d    program     static C:\Users\joqle\MPLABXProjects\Letras.X\RETARDOS.INC
              Retardo_5ms   0x00004f    program     static C:\Users\joqle\MPLABXProjects\Letras.X\RETARDOS.INC
              Retardo_2ms   0x000051    program     static C:\Users\joqle\MPLABXProjects\Letras.X\RETARDOS.INC
              Retardo_1ms   0x000053    program     static C:\Users\joqle\MPLABXProjects\Letras.X\RETARDOS.INC
              Retardos_ms   0x000054    program     static C:\Users\joqle\MPLABXProjects\Letras.X\RETARDOS.INC
        R1ms_BucleExterno   0x000055    program     static C:\Users\joqle\MPLABXProjects\Letras.X\RETARDOS.INC
        R1ms_BucleInterno   0x000057    program     static C:\Users\joqle\MPLABXProjects\Letras.X\RETARDOS.INC
              Retardo_20s   0x00005d    program     static C:\Users\joqle\MPLABXProjects\Letras.X\RETARDOS.INC
              Retardo_10s   0x00005f    program     static C:\Users\joqle\MPLABXProjects\Letras.X\RETARDOS.INC
               Retardo_5s   0x000061    program     static C:\Users\joqle\MPLABXProjects\Letras.X\RETARDOS.INC
               Retardo_2s   0x000063    program     static C:\Users\joqle\MPLABXProjects\Letras.X\RETARDOS.INC
               Retardo_1s   0x000065    program     static C:\Users\joqle\MPLABXProjects\Letras.X\RETARDOS.INC
            Retardo_500ms   0x000067    program     static C:\Users\joqle\MPLABXProjects\Letras.X\RETARDOS.INC
          Retardo_1Decima   0x000068    program     static C:\Users\joqle\MPLABXProjects\Letras.X\RETARDOS.INC
   R1Decima_BucleExterno2   0x000069    program     static C:\Users\joqle\MPLABXProjects\Letras.X\RETARDOS.INC
    R1Decima_BucleExterno   0x00006b    program     static C:\Users\joqle\MPLABXProjects\Letras.X\RETARDOS.INC
    R1Decima_BucleInterno   0x00006d    program     static C:\Users\joqle\MPLABXProjects\Letras.X\RETARDOS.INC


