MPLINK 5.08, LINKER
Linker Map File - Created Wed Nov 08 21:10:58 2017

                                 Section Info
                  Section       Type    Address   Location Size(Bytes)
                ---------  ---------  ---------  ---------  ---------
                   .org_0       code   0x000000    program   0x00023e
                   .cinit    romdata   0x00011f    program   0x000004
.config_2007_BUILD/DEFAULT/PRODUCTION/SUMA_BO       code   0x002007    program   0x000002



                              Program Memory Usage 
                               Start         End      
                           ---------   ---------      
                            0x000000    0x000120      
                            0x002007    0x002007      
            290 out of 8454 program addresses used, program memory utilization is 3%



                              Symbols - Sorted by Name
                     Name    Address   Location    Storage File                     
                ---------  ---------  ---------  --------- ---------                
                 AUX_BT_2   0x000027    program     static C:\Users\joqle\Documents\MPLABXProjects\Suma_Boton.X\Suma_Boton.asm
                 AUX_BT_4   0x00003f    program     static C:\Users\joqle\Documents\MPLABXProjects\Suma_Boton.X\Suma_Boton.asm
                     BT_1   0x000014    program     static C:\Users\joqle\Documents\MPLABXProjects\Suma_Boton.X\Suma_Boton.asm
                     BT_2   0x000020    program     static C:\Users\joqle\Documents\MPLABXProjects\Suma_Boton.X\Suma_Boton.asm
                     BT_3   0x00002c    program     static C:\Users\joqle\Documents\MPLABXProjects\Suma_Boton.X\Suma_Boton.asm
                     BT_4   0x000038    program     static C:\Users\joqle\Documents\MPLABXProjects\Suma_Boton.X\Suma_Boton.asm
                     BT_5   0x000044    program     static C:\Users\joqle\Documents\MPLABXProjects\Suma_Boton.X\Suma_Boton.asm
                    DEC_1   0x0000ca    program     static C:\Users\joqle\Documents\MPLABXProjects\Suma_Boton.X\Suma_Boton.asm
                    DEC_2   0x0000bb    program     static C:\Users\joqle\Documents\MPLABXProjects\Suma_Boton.X\Suma_Boton.asm
                    DEC_3   0x0000ac    program     static C:\Users\joqle\Documents\MPLABXProjects\Suma_Boton.X\Suma_Boton.asm
                    DEC_4   0x00009d    program     static C:\Users\joqle\Documents\MPLABXProjects\Suma_Boton.X\Suma_Boton.asm
                    DEC_5   0x00008e    program     static C:\Users\joqle\Documents\MPLABXProjects\Suma_Boton.X\Suma_Boton.asm
                    DEC_6   0x00007f    program     static C:\Users\joqle\Documents\MPLABXProjects\Suma_Boton.X\Suma_Boton.asm
                    DEC_7   0x000070    program     static C:\Users\joqle\Documents\MPLABXProjects\Suma_Boton.X\Suma_Boton.asm
                    DEC_8   0x000061    program     static C:\Users\joqle\Documents\MPLABXProjects\Suma_Boton.X\Suma_Boton.asm
                    DEC_9   0x000052    program     static C:\Users\joqle\Documents\MPLABXProjects\Suma_Boton.X\Suma_Boton.asm
               FIJAR_CERO   0x00000c    program     static C:\Users\joqle\Documents\MPLABXProjects\Suma_Boton.X\Suma_Boton.asm
                      FIN   0x0000d7    program     static C:\Users\joqle\Documents\MPLABXProjects\Suma_Boton.X\Suma_Boton.asm
                 PRUEBA_0   0x0000d4    program     static C:\Users\joqle\Documents\MPLABXProjects\Suma_Boton.X\Suma_Boton.asm
                 PRUEBA_1   0x0000c5    program     static C:\Users\joqle\Documents\MPLABXProjects\Suma_Boton.X\Suma_Boton.asm
                 PRUEBA_2   0x0000b6    program     static C:\Users\joqle\Documents\MPLABXProjects\Suma_Boton.X\Suma_Boton.asm
                 PRUEBA_3   0x0000a7    program     static C:\Users\joqle\Documents\MPLABXProjects\Suma_Boton.X\Suma_Boton.asm
                 PRUEBA_4   0x000098    program     static C:\Users\joqle\Documents\MPLABXProjects\Suma_Boton.X\Suma_Boton.asm
                 PRUEBA_5   0x000089    program     static C:\Users\joqle\Documents\MPLABXProjects\Suma_Boton.X\Suma_Boton.asm
                 PRUEBA_6   0x00007a    program     static C:\Users\joqle\Documents\MPLABXProjects\Suma_Boton.X\Suma_Boton.asm
                 PRUEBA_7   0x00006b    program     static C:\Users\joqle\Documents\MPLABXProjects\Suma_Boton.X\Suma_Boton.asm
                 PRUEBA_8   0x00005c    program     static C:\Users\joqle\Documents\MPLABXProjects\Suma_Boton.X\Suma_Boton.asm
                 PRUEBA_9   0x00004e    program     static C:\Users\joqle\Documents\MPLABXProjects\Suma_Boton.X\Suma_Boton.asm
    R1Decima_BucleExterno   0x000115    program     static C:\Users\joqle\Documents\MPLABXProjects\Suma_Boton.X\RETARDOS.INC
   R1Decima_BucleExterno2   0x000113    program     static C:\Users\joqle\Documents\MPLABXProjects\Suma_Boton.X\RETARDOS.INC
    R1Decima_BucleInterno   0x000117    program     static C:\Users\joqle\Documents\MPLABXProjects\Suma_Boton.X\RETARDOS.INC
        R1ms_BucleExterno   0x0000ff    program     static C:\Users\joqle\Documents\MPLABXProjects\Suma_Boton.X\RETARDOS.INC
        R1ms_BucleInterno   0x000101    program     static C:\Users\joqle\Documents\MPLABXProjects\Suma_Boton.X\RETARDOS.INC
            RetardoMicros   0x0000eb    program     static C:\Users\joqle\Documents\MPLABXProjects\Suma_Boton.X\RETARDOS.INC
        Retardo_100micros   0x0000e5    program     static C:\Users\joqle\Documents\MPLABXProjects\Suma_Boton.X\RETARDOS.INC
            Retardo_100ms   0x0000f1    program     static C:\Users\joqle\Documents\MPLABXProjects\Suma_Boton.X\RETARDOS.INC
         Retardo_10micros   0x0000d8    program     static C:\Users\joqle\Documents\MPLABXProjects\Suma_Boton.X\RETARDOS.INC
             Retardo_10ms   0x0000f7    program     static C:\Users\joqle\Documents\MPLABXProjects\Suma_Boton.X\RETARDOS.INC
              Retardo_10s   0x000109    program     static C:\Users\joqle\Documents\MPLABXProjects\Suma_Boton.X\RETARDOS.INC
          Retardo_1Decima   0x000112    program     static C:\Users\joqle\Documents\MPLABXProjects\Suma_Boton.X\RETARDOS.INC
              Retardo_1ms   0x0000fd    program     static C:\Users\joqle\Documents\MPLABXProjects\Suma_Boton.X\RETARDOS.INC
               Retardo_1s   0x00010f    program     static C:\Users\joqle\Documents\MPLABXProjects\Suma_Boton.X\RETARDOS.INC
        Retardo_200micros   0x0000e2    program     static C:\Users\joqle\Documents\MPLABXProjects\Suma_Boton.X\RETARDOS.INC
            Retardo_200ms   0x0000ef    program     static C:\Users\joqle\Documents\MPLABXProjects\Suma_Boton.X\RETARDOS.INC
         Retardo_20micros   0x0000ea    program     static C:\Users\joqle\Documents\MPLABXProjects\Suma_Boton.X\RETARDOS.INC
             Retardo_20ms   0x0000f5    program     static C:\Users\joqle\Documents\MPLABXProjects\Suma_Boton.X\RETARDOS.INC
              Retardo_20s   0x000107    program     static C:\Users\joqle\Documents\MPLABXProjects\Suma_Boton.X\RETARDOS.INC
              Retardo_2ms   0x0000fb    program     static C:\Users\joqle\Documents\MPLABXProjects\Suma_Boton.X\RETARDOS.INC
               Retardo_2s   0x00010d    program     static C:\Users\joqle\Documents\MPLABXProjects\Suma_Boton.X\RETARDOS.INC
          Retardo_4micros   0x0000de    program     static C:\Users\joqle\Documents\MPLABXProjects\Suma_Boton.X\RETARDOS.INC
        Retardo_500micros   0x0000df    program     static C:\Users\joqle\Documents\MPLABXProjects\Suma_Boton.X\RETARDOS.INC
            Retardo_500ms   0x000111    program     static C:\Users\joqle\Documents\MPLABXProjects\Suma_Boton.X\RETARDOS.INC
         Retardo_50micros   0x0000e7    program     static C:\Users\joqle\Documents\MPLABXProjects\Suma_Boton.X\RETARDOS.INC
             Retardo_50ms   0x0000f3    program     static C:\Users\joqle\Documents\MPLABXProjects\Suma_Boton.X\RETARDOS.INC
          Retardo_5micros   0x0000dd    program     static C:\Users\joqle\Documents\MPLABXProjects\Suma_Boton.X\RETARDOS.INC
              Retardo_5ms   0x0000f9    program     static C:\Users\joqle\Documents\MPLABXProjects\Suma_Boton.X\RETARDOS.INC
               Retardo_5s   0x00010b    program     static C:\Users\joqle\Documents\MPLABXProjects\Suma_Boton.X\RETARDOS.INC
              Retardos_ms   0x0000fe    program     static C:\Users\joqle\Documents\MPLABXProjects\Suma_Boton.X\RETARDOS.INC
            Rmicros_Bucle   0x0000ec    program     static C:\Users\joqle\Documents\MPLABXProjects\Suma_Boton.X\RETARDOS.INC



                              Symbols - Sorted by Address
                     Name    Address   Location    Storage File                     
                ---------  ---------  ---------  --------- ---------                
               FIJAR_CERO   0x00000c    program     static C:\Users\joqle\Documents\MPLABXProjects\Suma_Boton.X\Suma_Boton.asm
                     BT_1   0x000014    program     static C:\Users\joqle\Documents\MPLABXProjects\Suma_Boton.X\Suma_Boton.asm
                     BT_2   0x000020    program     static C:\Users\joqle\Documents\MPLABXProjects\Suma_Boton.X\Suma_Boton.asm
                 AUX_BT_2   0x000027    program     static C:\Users\joqle\Documents\MPLABXProjects\Suma_Boton.X\Suma_Boton.asm
                     BT_3   0x00002c    program     static C:\Users\joqle\Documents\MPLABXProjects\Suma_Boton.X\Suma_Boton.asm
                     BT_4   0x000038    program     static C:\Users\joqle\Documents\MPLABXProjects\Suma_Boton.X\Suma_Boton.asm
                 AUX_BT_4   0x00003f    program     static C:\Users\joqle\Documents\MPLABXProjects\Suma_Boton.X\Suma_Boton.asm
                     BT_5   0x000044    program     static C:\Users\joqle\Documents\MPLABXProjects\Suma_Boton.X\Suma_Boton.asm
                 PRUEBA_9   0x00004e    program     static C:\Users\joqle\Documents\MPLABXProjects\Suma_Boton.X\Suma_Boton.asm
                    DEC_9   0x000052    program     static C:\Users\joqle\Documents\MPLABXProjects\Suma_Boton.X\Suma_Boton.asm
                 PRUEBA_8   0x00005c    program     static C:\Users\joqle\Documents\MPLABXProjects\Suma_Boton.X\Suma_Boton.asm
                    DEC_8   0x000061    program     static C:\Users\joqle\Documents\MPLABXProjects\Suma_Boton.X\Suma_Boton.asm
                 PRUEBA_7   0x00006b    program     static C:\Users\joqle\Documents\MPLABXProjects\Suma_Boton.X\Suma_Boton.asm
                    DEC_7   0x000070    program     static C:\Users\joqle\Documents\MPLABXProjects\Suma_Boton.X\Suma_Boton.asm
                 PRUEBA_6   0x00007a    program     static C:\Users\joqle\Documents\MPLABXProjects\Suma_Boton.X\Suma_Boton.asm
                    DEC_6   0x00007f    program     static C:\Users\joqle\Documents\MPLABXProjects\Suma_Boton.X\Suma_Boton.asm
                 PRUEBA_5   0x000089    program     static C:\Users\joqle\Documents\MPLABXProjects\Suma_Boton.X\Suma_Boton.asm
                    DEC_5   0x00008e    program     static C:\Users\joqle\Documents\MPLABXProjects\Suma_Boton.X\Suma_Boton.asm
                 PRUEBA_4   0x000098    program     static C:\Users\joqle\Documents\MPLABXProjects\Suma_Boton.X\Suma_Boton.asm
                    DEC_4   0x00009d    program     static C:\Users\joqle\Documents\MPLABXProjects\Suma_Boton.X\Suma_Boton.asm
                 PRUEBA_3   0x0000a7    program     static C:\Users\joqle\Documents\MPLABXProjects\Suma_Boton.X\Suma_Boton.asm
                    DEC_3   0x0000ac    program     static C:\Users\joqle\Documents\MPLABXProjects\Suma_Boton.X\Suma_Boton.asm
                 PRUEBA_2   0x0000b6    program     static C:\Users\joqle\Documents\MPLABXProjects\Suma_Boton.X\Suma_Boton.asm
                    DEC_2   0x0000bb    program     static C:\Users\joqle\Documents\MPLABXProjects\Suma_Boton.X\Suma_Boton.asm
                 PRUEBA_1   0x0000c5    program     static C:\Users\joqle\Documents\MPLABXProjects\Suma_Boton.X\Suma_Boton.asm
                    DEC_1   0x0000ca    program     static C:\Users\joqle\Documents\MPLABXProjects\Suma_Boton.X\Suma_Boton.asm
                 PRUEBA_0   0x0000d4    program     static C:\Users\joqle\Documents\MPLABXProjects\Suma_Boton.X\Suma_Boton.asm
                      FIN   0x0000d7    program     static C:\Users\joqle\Documents\MPLABXProjects\Suma_Boton.X\Suma_Boton.asm
         Retardo_10micros   0x0000d8    program     static C:\Users\joqle\Documents\MPLABXProjects\Suma_Boton.X\RETARDOS.INC
          Retardo_5micros   0x0000dd    program     static C:\Users\joqle\Documents\MPLABXProjects\Suma_Boton.X\RETARDOS.INC
          Retardo_4micros   0x0000de    program     static C:\Users\joqle\Documents\MPLABXProjects\Suma_Boton.X\RETARDOS.INC
        Retardo_500micros   0x0000df    program     static C:\Users\joqle\Documents\MPLABXProjects\Suma_Boton.X\RETARDOS.INC
        Retardo_200micros   0x0000e2    program     static C:\Users\joqle\Documents\MPLABXProjects\Suma_Boton.X\RETARDOS.INC
        Retardo_100micros   0x0000e5    program     static C:\Users\joqle\Documents\MPLABXProjects\Suma_Boton.X\RETARDOS.INC
         Retardo_50micros   0x0000e7    program     static C:\Users\joqle\Documents\MPLABXProjects\Suma_Boton.X\RETARDOS.INC
         Retardo_20micros   0x0000ea    program     static C:\Users\joqle\Documents\MPLABXProjects\Suma_Boton.X\RETARDOS.INC
            RetardoMicros   0x0000eb    program     static C:\Users\joqle\Documents\MPLABXProjects\Suma_Boton.X\RETARDOS.INC
            Rmicros_Bucle   0x0000ec    program     static C:\Users\joqle\Documents\MPLABXProjects\Suma_Boton.X\RETARDOS.INC
            Retardo_200ms   0x0000ef    program     static C:\Users\joqle\Documents\MPLABXProjects\Suma_Boton.X\RETARDOS.INC
            Retardo_100ms   0x0000f1    program     static C:\Users\joqle\Documents\MPLABXProjects\Suma_Boton.X\RETARDOS.INC
             Retardo_50ms   0x0000f3    program     static C:\Users\joqle\Documents\MPLABXProjects\Suma_Boton.X\RETARDOS.INC
             Retardo_20ms   0x0000f5    program     static C:\Users\joqle\Documents\MPLABXProjects\Suma_Boton.X\RETARDOS.INC
             Retardo_10ms   0x0000f7    program     static C:\Users\joqle\Documents\MPLABXProjects\Suma_Boton.X\RETARDOS.INC
              Retardo_5ms   0x0000f9    program     static C:\Users\joqle\Documents\MPLABXProjects\Suma_Boton.X\RETARDOS.INC
              Retardo_2ms   0x0000fb    program     static C:\Users\joqle\Documents\MPLABXProjects\Suma_Boton.X\RETARDOS.INC
              Retardo_1ms   0x0000fd    program     static C:\Users\joqle\Documents\MPLABXProjects\Suma_Boton.X\RETARDOS.INC
              Retardos_ms   0x0000fe    program     static C:\Users\joqle\Documents\MPLABXProjects\Suma_Boton.X\RETARDOS.INC
        R1ms_BucleExterno   0x0000ff    program     static C:\Users\joqle\Documents\MPLABXProjects\Suma_Boton.X\RETARDOS.INC
        R1ms_BucleInterno   0x000101    program     static C:\Users\joqle\Documents\MPLABXProjects\Suma_Boton.X\RETARDOS.INC
              Retardo_20s   0x000107    program     static C:\Users\joqle\Documents\MPLABXProjects\Suma_Boton.X\RETARDOS.INC
              Retardo_10s   0x000109    program     static C:\Users\joqle\Documents\MPLABXProjects\Suma_Boton.X\RETARDOS.INC
               Retardo_5s   0x00010b    program     static C:\Users\joqle\Documents\MPLABXProjects\Suma_Boton.X\RETARDOS.INC
               Retardo_2s   0x00010d    program     static C:\Users\joqle\Documents\MPLABXProjects\Suma_Boton.X\RETARDOS.INC
               Retardo_1s   0x00010f    program     static C:\Users\joqle\Documents\MPLABXProjects\Suma_Boton.X\RETARDOS.INC
            Retardo_500ms   0x000111    program     static C:\Users\joqle\Documents\MPLABXProjects\Suma_Boton.X\RETARDOS.INC
          Retardo_1Decima   0x000112    program     static C:\Users\joqle\Documents\MPLABXProjects\Suma_Boton.X\RETARDOS.INC
   R1Decima_BucleExterno2   0x000113    program     static C:\Users\joqle\Documents\MPLABXProjects\Suma_Boton.X\RETARDOS.INC
    R1Decima_BucleExterno   0x000115    program     static C:\Users\joqle\Documents\MPLABXProjects\Suma_Boton.X\RETARDOS.INC
    R1Decima_BucleInterno   0x000117    program     static C:\Users\joqle\Documents\MPLABXProjects\Suma_Boton.X\RETARDOS.INC


