MPLINK 5.08, LINKER
Linker Map File - Created Thu Oct 26 21:00:44 2017

                                 Section Info
                  Section       Type    Address   Location Size(Bytes)
                ---------  ---------  ---------  ---------  ---------
                   .org_0       code   0x000000    program   0x00003a
                   .cinit    romdata   0x00001d    program   0x000004



                              Program Memory Usage 
                               Start         End      
                           ---------   ---------      
                            0x000000    0x00001e      
            31 out of 1094 program addresses used, program memory utilization is 2%



                              Symbols - Sorted by Name
                     Name    Address   Location    Storage File                     
                ---------  ---------  ---------  --------- ---------                
                   APAGAR   0x000017    program     static C:\Users\joqle\Documents\MPLABXProjects\Examen_2.X\Examen_2.asm
                    CASO1   0x000007    program     static C:\Users\joqle\Documents\MPLABXProjects\Examen_2.X\Examen_2.asm
                    CASO2   0x00000c    program     static C:\Users\joqle\Documents\MPLABXProjects\Examen_2.X\Examen_2.asm
                    CASO3   0x000011    program     static C:\Users\joqle\Documents\MPLABXProjects\Examen_2.X\Examen_2.asm
                    CASO4   0x000016    program     static C:\Users\joqle\Documents\MPLABXProjects\Examen_2.X\Examen_2.asm
                 ENCENDER   0x00001a    program     static C:\Users\joqle\Documents\MPLABXProjects\Examen_2.X\Examen_2.asm



                              Symbols - Sorted by Address
                     Name    Address   Location    Storage File                     
                ---------  ---------  ---------  --------- ---------                
                    CASO1   0x000007    program     static C:\Users\joqle\Documents\MPLABXProjects\Examen_2.X\Examen_2.asm
                    CASO2   0x00000c    program     static C:\Users\joqle\Documents\MPLABXProjects\Examen_2.X\Examen_2.asm
                    CASO3   0x000011    program     static C:\Users\joqle\Documents\MPLABXProjects\Examen_2.X\Examen_2.asm
                    CASO4   0x000016    program     static C:\Users\joqle\Documents\MPLABXProjects\Examen_2.X\Examen_2.asm
                   APAGAR   0x000017    program     static C:\Users\joqle\Documents\MPLABXProjects\Examen_2.X\Examen_2.asm
                 ENCENDER   0x00001a    program     static C:\Users\joqle\Documents\MPLABXProjects\Examen_2.X\Examen_2.asm


