MPLINK 5.08, LINKER
Linker Map File - Created Tue Nov 07 19:57:28 2017

                                 Section Info
                  Section       Type    Address   Location Size(Bytes)
                ---------  ---------  ---------  ---------  ---------
                   .org_0       code   0x000000    program   0x0000a0
                   .cinit    romdata   0x000050    program   0x000004
.config_2007_BUILD/DEFAULT/PRODUCTION/MULTIPL       code   0x002007    program   0x000002



                              Program Memory Usage 
                               Start         End      
                           ---------   ---------      
                            0x000000    0x000051      
                            0x002007    0x002007      
            83 out of 1094 program addresses used, program memory utilization is 7%



                              Symbols - Sorted by Name
                     Name    Address   Location    Storage File                     
                ---------  ---------  ---------  --------- ---------                
                    FIJAR   0x000005    program     static C:\Users\joqle\Documents\MPLABXProjects\Multiplexacion.X\Multiplexacion.asm
    R1Decima_BucleExterno   0x000046    program     static C:\Users\joqle\Documents\MPLABXProjects\Multiplexacion.X\RETARDOS.INC
   R1Decima_BucleExterno2   0x000044    program     static C:\Users\joqle\Documents\MPLABXProjects\Multiplexacion.X\RETARDOS.INC
    R1Decima_BucleInterno   0x000048    program     static C:\Users\joqle\Documents\MPLABXProjects\Multiplexacion.X\RETARDOS.INC
        R1ms_BucleExterno   0x000030    program     static C:\Users\joqle\Documents\MPLABXProjects\Multiplexacion.X\RETARDOS.INC
        R1ms_BucleInterno   0x000032    program     static C:\Users\joqle\Documents\MPLABXProjects\Multiplexacion.X\RETARDOS.INC
            RetardoMicros   0x00001c    program     static C:\Users\joqle\Documents\MPLABXProjects\Multiplexacion.X\RETARDOS.INC
        Retardo_100micros   0x000016    program     static C:\Users\joqle\Documents\MPLABXProjects\Multiplexacion.X\RETARDOS.INC
            Retardo_100ms   0x000022    program     static C:\Users\joqle\Documents\MPLABXProjects\Multiplexacion.X\RETARDOS.INC
         Retardo_10micros   0x000009    program     static C:\Users\joqle\Documents\MPLABXProjects\Multiplexacion.X\RETARDOS.INC
             Retardo_10ms   0x000028    program     static C:\Users\joqle\Documents\MPLABXProjects\Multiplexacion.X\RETARDOS.INC
              Retardo_10s   0x00003a    program     static C:\Users\joqle\Documents\MPLABXProjects\Multiplexacion.X\RETARDOS.INC
          Retardo_1Decima   0x000043    program     static C:\Users\joqle\Documents\MPLABXProjects\Multiplexacion.X\RETARDOS.INC
              Retardo_1ms   0x00002e    program     static C:\Users\joqle\Documents\MPLABXProjects\Multiplexacion.X\RETARDOS.INC
               Retardo_1s   0x000040    program     static C:\Users\joqle\Documents\MPLABXProjects\Multiplexacion.X\RETARDOS.INC
        Retardo_200micros   0x000013    program     static C:\Users\joqle\Documents\MPLABXProjects\Multiplexacion.X\RETARDOS.INC
            Retardo_200ms   0x000020    program     static C:\Users\joqle\Documents\MPLABXProjects\Multiplexacion.X\RETARDOS.INC
         Retardo_20micros   0x00001b    program     static C:\Users\joqle\Documents\MPLABXProjects\Multiplexacion.X\RETARDOS.INC
             Retardo_20ms   0x000026    program     static C:\Users\joqle\Documents\MPLABXProjects\Multiplexacion.X\RETARDOS.INC
              Retardo_20s   0x000038    program     static C:\Users\joqle\Documents\MPLABXProjects\Multiplexacion.X\RETARDOS.INC
              Retardo_2ms   0x00002c    program     static C:\Users\joqle\Documents\MPLABXProjects\Multiplexacion.X\RETARDOS.INC
               Retardo_2s   0x00003e    program     static C:\Users\joqle\Documents\MPLABXProjects\Multiplexacion.X\RETARDOS.INC
          Retardo_4micros   0x00000f    program     static C:\Users\joqle\Documents\MPLABXProjects\Multiplexacion.X\RETARDOS.INC
        Retardo_500micros   0x000010    program     static C:\Users\joqle\Documents\MPLABXProjects\Multiplexacion.X\RETARDOS.INC
            Retardo_500ms   0x000042    program     static C:\Users\joqle\Documents\MPLABXProjects\Multiplexacion.X\RETARDOS.INC
         Retardo_50micros   0x000018    program     static C:\Users\joqle\Documents\MPLABXProjects\Multiplexacion.X\RETARDOS.INC
             Retardo_50ms   0x000024    program     static C:\Users\joqle\Documents\MPLABXProjects\Multiplexacion.X\RETARDOS.INC
          Retardo_5micros   0x00000e    program     static C:\Users\joqle\Documents\MPLABXProjects\Multiplexacion.X\RETARDOS.INC
              Retardo_5ms   0x00002a    program     static C:\Users\joqle\Documents\MPLABXProjects\Multiplexacion.X\RETARDOS.INC
               Retardo_5s   0x00003c    program     static C:\Users\joqle\Documents\MPLABXProjects\Multiplexacion.X\RETARDOS.INC
              Retardos_ms   0x00002f    program     static C:\Users\joqle\Documents\MPLABXProjects\Multiplexacion.X\RETARDOS.INC
            Rmicros_Bucle   0x00001d    program     static C:\Users\joqle\Documents\MPLABXProjects\Multiplexacion.X\RETARDOS.INC



                              Symbols - Sorted by Address
                     Name    Address   Location    Storage File                     
                ---------  ---------  ---------  --------- ---------                
                    FIJAR   0x000005    program     static C:\Users\joqle\Documents\MPLABXProjects\Multiplexacion.X\Multiplexacion.asm
         Retardo_10micros   0x000009    program     static C:\Users\joqle\Documents\MPLABXProjects\Multiplexacion.X\RETARDOS.INC
          Retardo_5micros   0x00000e    program     static C:\Users\joqle\Documents\MPLABXProjects\Multiplexacion.X\RETARDOS.INC
          Retardo_4micros   0x00000f    program     static C:\Users\joqle\Documents\MPLABXProjects\Multiplexacion.X\RETARDOS.INC
        Retardo_500micros   0x000010    program     static C:\Users\joqle\Documents\MPLABXProjects\Multiplexacion.X\RETARDOS.INC
        Retardo_200micros   0x000013    program     static C:\Users\joqle\Documents\MPLABXProjects\Multiplexacion.X\RETARDOS.INC
        Retardo_100micros   0x000016    program     static C:\Users\joqle\Documents\MPLABXProjects\Multiplexacion.X\RETARDOS.INC
         Retardo_50micros   0x000018    program     static C:\Users\joqle\Documents\MPLABXProjects\Multiplexacion.X\RETARDOS.INC
         Retardo_20micros   0x00001b    program     static C:\Users\joqle\Documents\MPLABXProjects\Multiplexacion.X\RETARDOS.INC
            RetardoMicros   0x00001c    program     static C:\Users\joqle\Documents\MPLABXProjects\Multiplexacion.X\RETARDOS.INC
            Rmicros_Bucle   0x00001d    program     static C:\Users\joqle\Documents\MPLABXProjects\Multiplexacion.X\RETARDOS.INC
            Retardo_200ms   0x000020    program     static C:\Users\joqle\Documents\MPLABXProjects\Multiplexacion.X\RETARDOS.INC
            Retardo_100ms   0x000022    program     static C:\Users\joqle\Documents\MPLABXProjects\Multiplexacion.X\RETARDOS.INC
             Retardo_50ms   0x000024    program     static C:\Users\joqle\Documents\MPLABXProjects\Multiplexacion.X\RETARDOS.INC
             Retardo_20ms   0x000026    program     static C:\Users\joqle\Documents\MPLABXProjects\Multiplexacion.X\RETARDOS.INC
             Retardo_10ms   0x000028    program     static C:\Users\joqle\Documents\MPLABXProjects\Multiplexacion.X\RETARDOS.INC
              Retardo_5ms   0x00002a    program     static C:\Users\joqle\Documents\MPLABXProjects\Multiplexacion.X\RETARDOS.INC
              Retardo_2ms   0x00002c    program     static C:\Users\joqle\Documents\MPLABXProjects\Multiplexacion.X\RETARDOS.INC
              Retardo_1ms   0x00002e    program     static C:\Users\joqle\Documents\MPLABXProjects\Multiplexacion.X\RETARDOS.INC
              Retardos_ms   0x00002f    program     static C:\Users\joqle\Documents\MPLABXProjects\Multiplexacion.X\RETARDOS.INC
        R1ms_BucleExterno   0x000030    program     static C:\Users\joqle\Documents\MPLABXProjects\Multiplexacion.X\RETARDOS.INC
        R1ms_BucleInterno   0x000032    program     static C:\Users\joqle\Documents\MPLABXProjects\Multiplexacion.X\RETARDOS.INC
              Retardo_20s   0x000038    program     static C:\Users\joqle\Documents\MPLABXProjects\Multiplexacion.X\RETARDOS.INC
              Retardo_10s   0x00003a    program     static C:\Users\joqle\Documents\MPLABXProjects\Multiplexacion.X\RETARDOS.INC
               Retardo_5s   0x00003c    program     static C:\Users\joqle\Documents\MPLABXProjects\Multiplexacion.X\RETARDOS.INC
               Retardo_2s   0x00003e    program     static C:\Users\joqle\Documents\MPLABXProjects\Multiplexacion.X\RETARDOS.INC
               Retardo_1s   0x000040    program     static C:\Users\joqle\Documents\MPLABXProjects\Multiplexacion.X\RETARDOS.INC
            Retardo_500ms   0x000042    program     static C:\Users\joqle\Documents\MPLABXProjects\Multiplexacion.X\RETARDOS.INC
          Retardo_1Decima   0x000043    program     static C:\Users\joqle\Documents\MPLABXProjects\Multiplexacion.X\RETARDOS.INC
   R1Decima_BucleExterno2   0x000044    program     static C:\Users\joqle\Documents\MPLABXProjects\Multiplexacion.X\RETARDOS.INC
    R1Decima_BucleExterno   0x000046    program     static C:\Users\joqle\Documents\MPLABXProjects\Multiplexacion.X\RETARDOS.INC
    R1Decima_BucleInterno   0x000048    program     static C:\Users\joqle\Documents\MPLABXProjects\Multiplexacion.X\RETARDOS.INC


