MPLINK 5.08, LINKER
Linker Map File - Created Sat Sep 16 20:20:25 2017

                                 Section Info
                  Section       Type    Address   Location Size(Bytes)
                ---------  ---------  ---------  ---------  ---------
                   .org_0       code   0x000000    program   0x00001c
                   .cinit    romdata   0x00000e    program   0x000004



                              Program Memory Usage 
                               Start         End      
                           ---------   ---------      
                            0x000000    0x00000f      
            16 out of 1094 program addresses used, program memory utilization is 1%



                              Symbols - Sorted by Name
                     Name    Address   Location    Storage File                     
                ---------  ---------  ---------  --------- ---------                
                   APAGAR   0x000006    program     static C:\Users\joqle\Documents\MPLABXProjects\Encender_Apagar.X\Encender_Apagar.asm
               DECREMENTO   0x00000b    program     static C:\Users\joqle\Documents\MPLABXProjects\Encender_Apagar.X\Encender_Apagar.asm
                 ENCENDER   0x000003    program     static C:\Users\joqle\Documents\MPLABXProjects\Encender_Apagar.X\Encender_Apagar.asm
                  RETARDO   0x000009    program     static C:\Users\joqle\Documents\MPLABXProjects\Encender_Apagar.X\Encender_Apagar.asm



                              Symbols - Sorted by Address
                     Name    Address   Location    Storage File                     
                ---------  ---------  ---------  --------- ---------                
                 ENCENDER   0x000003    program     static C:\Users\joqle\Documents\MPLABXProjects\Encender_Apagar.X\Encender_Apagar.asm
                   APAGAR   0x000006    program     static C:\Users\joqle\Documents\MPLABXProjects\Encender_Apagar.X\Encender_Apagar.asm
                  RETARDO   0x000009    program     static C:\Users\joqle\Documents\MPLABXProjects\Encender_Apagar.X\Encender_Apagar.asm
               DECREMENTO   0x00000b    program     static C:\Users\joqle\Documents\MPLABXProjects\Encender_Apagar.X\Encender_Apagar.asm


